Microchip MPLAB XC8 Compiler V1.44 ()

Linker command line:

-W-3 --edf=C:\Program Files (x86)\Microchip\xc8\v1.44\dat\en_msgs.txt -cs \
  -h+dist/default/production\bp.X.production.sym \
  --cmf=dist/default/production\bp.X.production.cmf -z -Q18F2320 \
  -oC:\Users\fedor\AppData\Local\Temp\s768.2 \
  -Mdist/default/production/bp.X.production.map -E1 -ver=XC8 \
  -ASTACK=080h-01ffh -pstack=STACK -ACODE=00h-01FFFh -ACONST=00h-01FFFh \
  -ASMALLCONST=0200h-02FFhx30 -AMEDIUMCONST=0200h-01FFFh -ACOMRAM=01h-07Fh \
  -AABS1=00h-01FFh -ABIGRAM=01h-01FFh -ARAM=080h-0FFh,0100h-01FFh \
  -ABANK0=080h-0FFh -ABANK1=0100h-01FFh -ASFR=0F80h-0FFFh \
  -preset_vec=00h,intcode,intcodelo,powerup,init -pramtop=0200h \
  -psmallconst=SMALLCONST -pmediumconst=MEDIUMCONST -pconst=CONST \
  -AFARRAM=00h-00h -ACONFIG=0300000h-030000Dh -pconfig=CONFIG \
  -AIDLOC=0200000h-0200007h -pidloc=IDLOC -AEEDATA=0F00000h-0F000FFh \
  -peeprom_data=EEDATA \
  -prdata=COMRAM,nvrram=COMRAM,nvbit=COMRAM,rbss=COMRAM,rbit=COMRAM \
  -pfarbss=FARRAM,fardata=FARRAM,nvFARRAM=FARRAM \
  -pintsave_regs=BIGRAM,bigbss=BIGRAM,bigdata=BIGRAM -pbss=RAM \
  -pidata=CODE,irdata=CODE,ibigdata=CODE,ifardata=CODE -prparam=COMRAM \
  C:\Users\fedor\AppData\Local\Temp\s768.obj \
  dist/default/production\bp.X.production.obj 

Object code version is 3.11

Machine type is 18F2320

Call graph: (short form)




                Name                               Link     Load   Length Selector   Space Scale
C:\Users\fedor\AppData\Local\Temp\s768.obj
                init                                  0        0        4        0       0
                idloc                            200000   200000        8   200000       0
                config                           300000   300000        E   300000       0
dist/default/production\bp.X.production.obj
                smallconst                          200      200        6      100       0
                text2                               3D2      3D2       E6      103       0
                text1                               4B8      4B8       46      103       0
                text0                               206      206      1CC      103       0
                cstackCOMRAM                          1        1       20        1       1
                bssCOMRAM                            21       21        3        1       1
                cinit                               4FE      4FE       14      103       0

TOTAL           Name                               Link     Load   Length     Space
        CLASS   STACK          

        CLASS   CODE           
                init                                  0        0        4         0
                text2                               3D2      3D2       E6         0
                text1                               4B8      4B8       46         0
                text0                               206      206      1CC         0
                cinit                               4FE      4FE       14         0

        CLASS   CONST          

        CLASS   SMALLCONST     
                smallconst                          200      200        6         0

        CLASS   MEDIUMCONST    

        CLASS   COMRAM         
                cstackCOMRAM                          1        1       20         1
                bssCOMRAM                            21       21        3         1

        CLASS   ABS1           

        CLASS   BIGRAM         

        CLASS   RAM            

        CLASS   BANK0          

        CLASS   BANK1          

        CLASS   SFR            

        CLASS   FARRAM         

        CLASS   CONFIG         
                config                           300000   300000        E         0

        CLASS   IDLOC          
                idloc                            200000   200000        8         0

        CLASS   EEDATA         



SEGMENTS        Name                           Load    Length   Top    Selector   Space  Class

                reset_vec                      000000  000004  000004         0       0  CODE    
                cstackCOMRAM                   000001  000023  000024         1       1  COMRAM  
                smallconst                     000200  000006  000206       100       0  SMALLCON
                text0                          000206  00030C  000512       103       0  CODE    
                idloc                          200000  000008  200008    200000       0  IDLOC   
                config                         300000  00000E  30000E    300000       0  CONFIG  


UNUSED ADDRESS RANGES

        Name                Unused          Largest block    Delta
        BANK0            000080-0000FF               80
        BANK1            000100-0001FF              100
        BIGRAM           000024-0001FF              1DC
        CODE             000004-0001FF              1FC
                         000512-001FFF             1AEE
        COMRAM           000024-00007F               5C
        CONST            000004-0001FF              1FC
                         000512-001FFF             1AEE
        EEDATA           F00000-F000FF              100
        MEDIUMCONST      000512-001FFF             1AEE
        RAM              000080-0001FF               80
        SFR              000F80-000FFF               80
        SMALLCONST       000512-001FFF              100
        STACK            000080-0001FF              180

                                  Symbol Table

_ADCON0                  (abs)        000FC2
_ADCON1                  (abs)        000FC1
_CMCON                   (abs)        000FB4
_CVRCON                  (abs)        000FB5
_LATA1                   (abs)        007C49
_LATA2                   (abs)        007C4A
_LATA5                   (abs)        007C4D
_LATB5                   (abs)        007C55
_LATC0                   (abs)        007C58
_LATC1                   (abs)        007C59
_LATC2                   (abs)        007C5A
_LATC3                   (abs)        007C5B
_LATC4                   (abs)        007C5C
_LATC5                   (abs)        007C5D
_LATC6                   (abs)        007C5E
_LATC7                   (abs)        007C5F
_OSCCONbits              (abs)        000FD3
_PORTA                   (abs)        000F80
_PORTAbits               (abs)        000F80
_PORTB                   (abs)        000F81
_PORTBbits               (abs)        000F81
_PORTC                   (abs)        000F82
_T1CON                   (abs)        000FCD
_TRISA                   (abs)        000F92
_TRISB                   (abs)        000F93
_TRISC                   (abs)        000F94
__CFG_BOR$OFF            (abs)        000000
__CFG_BORV$20            (abs)        000000
__CFG_CCP2MX$ON          (abs)        000000
__CFG_CP0$OFF            (abs)        000000
__CFG_CP1$OFF            (abs)        000000
__CFG_CP2$OFF            (abs)        000000
__CFG_CP3$OFF            (abs)        000000
__CFG_CPB$OFF            (abs)        000000
__CFG_CPD$OFF            (abs)        000000
__CFG_EBTR0$OFF          (abs)        000000
__CFG_EBTR1$OFF          (abs)        000000
__CFG_EBTR2$OFF          (abs)        000000
__CFG_EBTR3$OFF          (abs)        000000
__CFG_EBTRB$OFF          (abs)        000000
__CFG_FSCM$ON            (abs)        000000
__CFG_IESO$ON            (abs)        000000
__CFG_LVP$OFF            (abs)        000000
__CFG_MCLRE$OFF          (abs)        000000
__CFG_OSC$INTIO1         (abs)        000000
__CFG_PBAD$ANA           (abs)        000000
__CFG_PWRT$OFF           (abs)        000000
__CFG_STVR$ON            (abs)        000000
__CFG_WDT$ON             (abs)        000000
__CFG_WDTPS$32768        (abs)        000000
__CFG_WRT0$OFF           (abs)        000000
__CFG_WRT1$OFF           (abs)        000000
__CFG_WRT2$OFF           (abs)        000000
__CFG_WRT3$OFF           (abs)        000000
__CFG_WRTB$OFF           (abs)        000000
__CFG_WRTC$OFF           (abs)        000000
__CFG_WRTD$OFF           (abs)        000000
__HRAM                   (abs)        000000
__Habs1                  abs1         000000
__Hbank0                 bank0        000000
__Hbank1                 bank1        000000
__Hbigbss                bigbss       000000
__Hbigdata               bigdata      000000
__Hbigram                bigram       000000
__Hbss                   bss          000000
__HbssCOMRAM             bssCOMRAM    000000
__Hcinit                 cinit        000000
__Hclrtext               clrtext      000000
__Hcomram                comram       000000
__Hconfig                config       30000E
__Hconst                 const        000000
__HcstackCOMRAM          cstackCOMRAM 000000
__Hdata                  data         000000
__Heeprom_data           eeprom_data  000000
__Hfarbss                farbss       000000
__Hfardata               fardata      000000
__Hibigdata              ibigdata     000000
__Hidata                 idata        000000
__Hidloc                 idloc        200008
__Hifardata              ifardata     000000
__Hinit                  init         000004
__Hintcode               intcode      000000
__Hintcode_body          intcode_body 000000
__Hintcodelo             intcodelo    000000
__Hintentry              intentry     000000
__Hintret                intret       000000
__Hintsave_regs          intsave_regs 000000
__Hirdata                irdata       000000
__Hmediumconst           mediumconst  000000
__HnvFARRAM              nvFARRAM     000000
__Hnvbit                 nvbit        000000
__Hnvrram                nvrram       000000
__Hparam                 rparam       000000
__Hpowerup               powerup      000000
__Hram                   ram          000000
__Hramtop                ramtop       000200
__Hrbit                  rbit         000000
__Hrbss                  rbss         000000
__Hrdata                 rdata        000000
__Hreset_vec             reset_vec    000000
__Hrparam                rparam       000000
__Hsfr                   sfr          000000
__Hsmallconst            smallconst   000206
__Hspace_0               (abs)        30000E
__Hspace_1               (abs)        000024
__Hspace_2               (abs)        000000
__Hstack                 stack        000000
__Hstruct                struct       000000
__Htemp                  temp         000000
__Htext                  text         000000
__Htext0                 text0        000000
__Htext1                 text1        000000
__Htext2                 text2        000000
__LRAM                   (abs)        000001
__Labs1                  abs1         000000
__Lbank0                 bank0        000000
__Lbank1                 bank1        000000
__Lbigbss                bigbss       000000
__Lbigdata               bigdata      000000
__Lbigram                bigram       000000
__Lbss                   bss          000000
__LbssCOMRAM             bssCOMRAM    000000
__Lcinit                 cinit        000000
__Lclrtext               clrtext      000000
__Lcomram                comram       000000
__Lconfig                config       300000
__Lconst                 const        000000
__LcstackCOMRAM          cstackCOMRAM 000000
__Ldata                  data         000000
__Leeprom_data           eeprom_data  000000
__Lfarbss                farbss       000000
__Lfardata               fardata      000000
__Libigdata              ibigdata     000000
__Lidata                 idata        000000
__Lidloc                 idloc        200000
__Lifardata              ifardata     000000
__Linit                  init         000000
__Lintcode               intcode      000000
__Lintcode_body          intcode_body 000000
__Lintcodelo             intcodelo    000000
__Lintentry              intentry     000000
__Lintret                intret       000000
__Lintsave_regs          intsave_regs 000000
__Lirdata                irdata       000000
__Lmediumconst           mediumconst  000000
__LnvFARRAM              nvFARRAM     000000
__Lnvbit                 nvbit        000000
__Lnvrram                nvrram       000000
__Lparam                 rparam       000000
__Lpowerup               powerup      000000
__Lram                   ram          000000
__Lramtop                ramtop       000200
__Lrbit                  rbit         000000
__Lrbss                  rbss         000000
__Lrdata                 rdata        000000
__Lreset_vec             reset_vec    000000
__Lrparam                rparam       000000
__Lsfr                   sfr          000000
__Lsmallconst            smallconst   000200
__Lspace_0               (abs)        000000
__Lspace_1               (abs)        000000
__Lspace_2               (abs)        000000
__Lstack                 stack        000000
__Lstruct                struct       000000
__Ltemp                  temp         000000
__Ltext                  text         000000
__Ltext0                 text0        000000
__Ltext1                 text1        000000
__Ltext2                 text2        000000
__S0                     (abs)        30000E
__S1                     (abs)        000024
__S2                     (abs)        000000
___inthi_sp              stack        000000
___intlo_sp              stack        000000
___param_bank            (abs)        000000
___rparam_used           (abs)        000001
___sp                    stack        000000
__accesstop              (abs)        000080
__activetblptr           (abs)        000001
__end_of__initialization cinit        000504
__end_of_all_on          text1        0004FE
__end_of_gluh_wait       smallconst   000205
__end_of_main            text0        0003D2
__end_of_now_change      text2        0004B8
__initialization         cinit        0004FE
__mediumconst            mediumconst  000000
__pbssCOMRAM             bssCOMRAM    000021
__pcinit                 cinit        0004FE
__pcstackCOMRAM          cstackCOMRAM 000001
__psmallconst            smallconst   000200
__ptext0                 text0        000206
__ptext1                 text1        0004B8
__ptext2                 text2        0003D2
__ramtop                 ramtop       000200
__size_of_all_on         (abs)        000000
__size_of_main           (abs)        000000
__size_of_now_change     (abs)        000000
__smallconst             smallconst   000200
_all_on                  text1        0004B8
_gluh_wait               smallconst   000201
_main                    text0        000206
_now_change              text2        0003D2
all_on@ef1               cstackCOMRAM 00000A
all_on@ef2               cstackCOMRAM 00000B
all_on@gluh              cstackCOMRAM 000009
all_on@state             cstackCOMRAM 000007
end_of_initialization    cinit        000504
intlevel0                text         000000
intlevel1                text         000000
intlevel2                text         000000
intlevel3                text         000000
main@F2606               bssCOMRAM    000021
main@LOOP                cstackCOMRAM 000016
main@SERIES              cstackCOMRAM 000015
main@change_e1_state     cstackCOMRAM 000017
main@change_e2_state     cstackCOMRAM 000018
main@changestate         cstackCOMRAM 00001A
main@e1_state            cstackCOMRAM 00001B
main@e2_state            cstackCOMRAM 00001C
main@pred_pred_state     cstackCOMRAM 000013
main@pred_state          cstackCOMRAM 000019
main@press_switch        cstackCOMRAM 000014
main@press_switch_ar     cstackCOMRAM 00001E
main@state               cstackCOMRAM 00001D
now_change@ef1           cstackCOMRAM 000003
now_change@ef2           cstackCOMRAM 000004
now_change@state         cstackCOMRAM 000001
stackhi                  (abs)        0001FF
stacklo                  (abs)        000080
start                    init         000000
start_initialization     cinit        0004FE


FUNCTION INFORMATION:

 *************** function _main *****************
 Defined at:
		line 113 in file "bypass_main.c"
 Parameters:    Size  Location     Type
  argc            2   12[COMRAM] int 
  argv            3   14[COMRAM] PTR PTR unsigned char 
 Auto vars:     Size  Location     Type
  press_switch    3   29[COMRAM] unsigned char [3]
  state           1   28[COMRAM] unsigned char 
  e2_state        1   27[COMRAM] unsigned char 
  e1_state        1   26[COMRAM] unsigned char 
  changestate     1   25[COMRAM] unsigned char 
  pred_state      1   24[COMRAM] unsigned char 
  change_e2_st    1   23[COMRAM] unsigned char 
  change_e1_st    1   22[COMRAM] unsigned char 
  LOOP            1   21[COMRAM] unsigned char 
  SERIES          1   20[COMRAM] unsigned char 
  press_switch    1   19[COMRAM] unsigned char 
  pred_pred_st    1   18[COMRAM] unsigned char 
 Return value:  Size  Location     Type
                  2   12[COMRAM] int 
 Registers used:
		wreg, status,2, status,0, cstack
 Tracked objects:
		On entry : 
		On exit  : 
		Unchanged: 
 Data sizes:     COMRAM   BANK0   BANK1
      Params:         5       0       0
      Locals:        14       0       0
      Temps:          1       0       0
      Totals:        20       0       0
Total ram usage:       20 bytes
 Hardware stack levels required when called:    2
 This function calls:
		_all_on
 This function is called by:
		Startup code after reset
 This function uses a non-reentrant model


 *************** function _all_on *****************
 Defined at:
		line 97 in file "bypass_main.c"
 Parameters:    Size  Location     Type
  state           2    6[COMRAM] int 
  gluh            1    8[COMRAM] unsigned char 
  ef1             1    9[COMRAM] unsigned char 
  ef2             1   10[COMRAM] unsigned char 
 Auto vars:     Size  Location     Type
		None
 Return value:  Size  Location     Type
                  1    wreg      void 
 Registers used:
		wreg, status,2, status,0, cstack
 Tracked objects:
		On entry : 
		On exit  : 
		Unchanged: 
 Data sizes:     COMRAM   BANK0   BANK1
      Params:         5       0       0
      Locals:         0       0       0
      Temps:          1       0       0
      Totals:         6       0       0
Total ram usage:        6 bytes
 Hardware stack levels used:    1
 Hardware stack levels required when called:    1
 This function calls:
		_now_change
 This function is called by:
		_main
 This function uses a non-reentrant model


 *************** function _now_change *****************
 Defined at:
		line 37 in file "bypass_main.c"
 Parameters:    Size  Location     Type
  state           2    0[COMRAM] int 
  ef1             1    2[COMRAM] unsigned char 
  ef2             1    3[COMRAM] unsigned char 
 Auto vars:     Size  Location     Type
		None
 Return value:  Size  Location     Type
                  1    wreg      void 
 Registers used:
		wreg, status,2, status,0
 Tracked objects:
		On entry : 
		On exit  : 
		Unchanged: 
 Data sizes:     COMRAM   BANK0   BANK1
      Params:         4       0       0
      Locals:         0       0       0
      Temps:          2       0       0
      Totals:         6       0       0
Total ram usage:        6 bytes
 Hardware stack levels used:    1
 This function calls:
		Nothing
 This function is called by:
		_all_on
 This function uses a non-reentrant model



MODULE INFORMATION

Module		Function		Class		Link	Load	Size
shared
		_gluh_wait     		SMALLCONST     	0201	0000	5
		__initialization		CODE           	04FE	0000	7

shared estimated size: 12

bypass_main.c
		_all_on        		CODE           	04B8	0000	71
		_main          		CODE           	0206	0000	461
		_now_change    		CODE           	03D2	0000	231

bypass_main.c estimated size: 763

